[Jun 02 06:27] /icon list
[Jun 02 06:27] /icon add luis diablo
[Jun 02 06:28] /icon list
[Jun 02 06:29] /icon add luis smile
[Jun 02 06:29] /icon list
[Jun 02 06:31] /icon set luis diablo
[Jun 02 06:31] /icon list luis
[Jun 02 06:32] /w slyhark 22
[Jun 02 06:33] /help
[Jun 02 06:34] /operator +luis
[Jun 07 11:51] /set Slyhark Record\W3XP\demons\wins 500
[Jun 07 11:52] /set Slyhark record\w3xp\solo\level 500
[Jun 07 11:52] /set Slyhark record\w3xp\random\wins 2000
[Jun 07 11:56] /set Slyhark record\w3xp\solo\level 500
[Jun 07 11:56] /set Slyhark Record\W3XP\demons\wins 500
[Jun 07 12:43] /set Slyhark record\w3xp\random\wins 2000
[Jun 07 12:43] /set Slyhark record\w3xp\solo\level 500
[Jun 07 12:44] /set Slyhark Record\W3XP\demons\wins 500
[Jun 07 12:47] /set Slyhark record\w3xp\solo\level 5
[Jun 07 12:48] /set prueba78 record\w3xp\solo\level 5
[Jun 07 12:48] /set prueba78 record\w3xp\random\wins 1
[Jun 07 12:48] /set prueba78 Record\W3XP\demons\wins 1
[Jun 07 12:53] /f a prueba78
[Jun 07 12:53] /set prueba78 record\w3xp\solo\level 50
[Jun 07 12:53] /set prueba78 Record\W3XP\demons\wins 1
[Jun 10 11:00] /cg add username 1
[Jun 10 11:01] /join 123
[Jun 10 11:01] /cg list username
[Jun 10 11:01] /cg del username 1
[Jun 10 11:02] /help
[Jun 10 11:03] /tos
[Jun 10 11:03] /motd
[Jun 10 11:03] /quota
[Jun 10 11:04] /con
[Jun 10 11:05] /whoami
[Jun 10 11:06] /join 123
[Jun 10 11:06] /join 12
[Jun 10 11:07] /join quiz start username
[Jun 10 11:24] /w3motd 2323
[Jun 10 11:27] /announce we
[Jun 10 11:28] /announce ee
[Jun 10 11:28] /join 2
[Jun 10 11:28] /ann dota
[Jun 10 11:37] /w usaername 22
[Jun 10 11:37] /w slyhark 121
[Jun 10 11:41] /chost DOTA ss
[Jun 10 11:45] /chost MW ss
[Jun 10 15:34] /w marcosyn .owner Martinvizcarra
[Jun 10 15:36] /w marcosyn .owner Martinvizcarra
[Jun 10 15:36] /w marcosyn .owner Martinvizcarra
[Jun 10 15:36] /w marcosyn .owner Martinvizcarra
[Jun 10 15:37] /w marcosyn .owner Martinvizcarra
[Jun 10 16:05] /w marcosyn .addadmin 11
[Jun 10 16:06] /w marcosyn .addadmin 11ff
[Jun 10 16:06] /w marcosyn .addadmin 11ff
[Jun 10 16:06] /w marcosyn .addadmin 11ff
[Jun 10 16:09] /w marcosyn .rootadmin 222
[Jun 11 07:55] /f a gato123
[Jun 11 07:55] /f a vizcarra
[Jun 11 07:55] /whois luis
[Jun 11 07:55] /pvpgn init
[Jun 11 07:56] /pvpgn
[Jun 11 08:05] /host ap 5x5 Join All!
[Jun 11 08:07] /host ar 5x5 Join All!
[Jun 11 11:43] /ann /ping
[Jun 11 11:43] /ann ds
[Jun 11 12:03] /w marcosyn .say .getgames
[Jun 11 12:03] /w marcosyn .say .getgames
[Jun 11 12:03] /w marcosyn .say .getgames
[Jun 11 12:04] /w marcosyn .say /host e e
[Jun 11 12:08] /w marcosyn .say .getgames
[Jun 11 12:08] /w marcosyn .say .getgames
[Jun 11 12:08] /w marcosyn .say /host e e
[Jun 11 12:13] /host sa ssa
[Jun 14 13:55] /whois marcosyn
[Jun 14 13:55] /host focs3 dotazo
[Jun 14 13:56] /whois marcosyn
[Jun 14 13:57] /unhost map
[Jun 14 13:58] /whois marcosyn
[Jun 14 13:58] /host focs3 dd
[Jun 14 13:59] /w marcosyn .getgames
[Jun 14 14:02] /host fos3 dotazo
[Jun 14 14:27] /games
[Jun 14 14:28] /lang enUS
[Jun 14 14:28] /games
[Jun 14 14:28] /games
[Jun 14 14:29] /games
[Jun 14 14:29] /games
[Jun 14 14:30] /ann /games
[Jun 14 14:30] /games
[Jun 14 14:30] /ann /w slyhark sa
[Jun 14 14:30] /w slyhark sa
[Jun 14 14:51] /join 123
[Jun 14 14:52] /host focs3 dota
[Jun 14 14:52] /whois marcosyn
[Jun 14 14:53] /whois marcosyn
[Jun 14 14:54] /whois marcosyn
[Jun 14 14:54] /host focs3 palazo
[Jun 14 14:54] /join bot
[Jun 14 14:54] /unhost map
[Jun 14 14:55] /host focs3 salaz
[Jun 14 14:56] /whois luis
[Jun 14 14:57] /whois luis
[Jun 14 14:57] /me hola
[Jun 14 14:57] /host focs3 fail
[Jun 14 14:57] /whois marcosyn
[Jun 14 15:00] /host foc3 lol
[Jun 14 15:02] /host focs3 ssa
[Jun 14 15:07] /host focs3 prueba
[Jun 15 20:45] /redirect luis gola
[Jun 15 20:46] /redirect luis /unhost
[Jun 15 20:55] /redirect vizcarra ss
[Jun 15 21:46] /redirect vizcarra ss
[Jun 15 21:47] /redirect vizcarra ss
[Jun 15 21:53] /redirect vizcarra ss
[Jun 15 21:53] /redirect vizcarra ss
[Jun 15 21:54] /redirect vizcarra ss
[Jun 15 21:54] /redirect vizcarra ssu756
[Jun 15 21:56] /redirect vizcarra ssu756
[Jun 15 21:57] /redirect vizcarra /ping
[Jun 15 21:58] /redirect vizcarra /host focs3 asa
[Jun 15 21:59] /redirect slyhark /p
[Jun 15 22:00] /redirect marcosyn .map focs3
[Jun 15 22:01] /host fos3 GATO
[Jun 15 22:06] /redirect vizcarra /host focs3 asa
[Jun 15 22:10] /redirect marcosyn .getgames
[Jun 15 22:10] /redirect marcosyn .getgames
[Jun 15 22:11] /w marcosyn /redirect hola
[Jun 15 22:16] /redirect marcosyn .getgames
[Jun 15 22:26] /redirect marcosyn .getgames
[Jun 15 22:36] /host focs3 GATO
[Jun 15 22:40] /redirect marcosyn .getgames
[Jun 15 22:45] /host focs3 GATO
[Jun 15 22:46] /host focs3 GATO
[Jun 15 22:47] /host focs3 GATO
[Jun 15 22:49] /host focs3 GATO
[Jun 15 22:50] /host focs3 GATO
[Jun 15 22:52] /host focs3 golazo
[Jun 15 23:14] /lang esES
[Jun 15 23:15] /host focs3 pubsito
[Jun 15 23:15] /join bot
[Jun 15 23:15] /unhost
[Jun 15 23:15] /unhost
[Jun 15 23:15] /unhost
[Jun 15 23:18] /host focs3 facil
[Jun 15 23:18] /unhost
[Jun 15 23:20] /host focs3 faff
[Jun 15 23:20] /host focs3 321312
[Jun 15 23:21] /whois marcosyn
[Jun 15 23:21] /host focs3 eee
[Jun 15 23:21] /host focs3 gato
[Jun 15 23:22] /host focs3 ewew
[Jun 16 20:32] /host fosww dota
[Jun 16 20:33] /host focs3 gato
[Jun 16 20:34] /f r marcosyn
[Jun 16 20:39] /host focs3 fatal
[Jun 16 20:44] /host focs3 prueba
[Jun 16 20:44] /unhost
[Jun 16 20:44] /host focs3 prueba
[Jun 16 20:45] /f a marcosyn
[Jun 16 20:45] /whois marcosyn
[Jun 16 20:45] /unhost
[Jun 16 20:45] /host focs3 prueba
[Jun 16 20:46] /f r marcosyn
[Jun 16 20:46] /unhost
[Jun 16 20:46] /host focs3 prueba
[Jun 16 20:52] /host focs3 gato
[Jun 16 20:53] /f a marcosyn
[Jun 16 20:53] /whois marcosyn
[Jun 16 20:56] /host focs3 perrito
[Jun 16 20:56] /unhost
[Jun 16 20:56] /host focs3 gataza
[Jun 16 20:59] /unhost
[Jun 16 20:59] /host focs3 fail
[Jun 17 06:38] /host focs3 latinos
[Jun 17 06:40] /whois marcosyn
[Jun 17 06:40] /host (6)garden gaaa
[Jun 17 06:41] /unhost
[Jun 17 06:41] /host (6)garden gato
[Jun 17 06:47] /ping
[Jun 17 06:47] /p
[Jun 17 06:48] /stats
[Jun 17 06:48] /ann hola
[Jun 17 06:49] /stats
[Jun 17 06:53] /ping
[Jun 17 07:08] /host focs3sa gatazo
[Jun 17 07:08] /host focs3 perrito
[Jun 17 07:09] /unhost
[Jun 17 07:10] /host e12312 gatito
[Jun 17 07:11] /unhost
[Jun 17 07:17] /host focs3 ewqeqw
[Aug 17 16:37] /games
[Aug 17 20:08] /games
[Aug 17 20:08] /p
[Aug 17 20:08] /ping
[Aug 17 20:09] /ping
[Aug 17 20:09] /latency
[Aug 17 20:09] /games
[Aug 17 20:57] /games
[Aug 17 21:03] /games
[Aug 17 21:08] /games
[Aug 18 08:42] /games
[Aug 18 08:58] /p
[Aug 18 08:58] /ping
[Aug 18 08:58] /latency
[Aug 18 08:58] /ping
[Aug 18 08:58] /p
[Aug 18 08:58] /latency
[Aug 18 08:58] /ping
[Aug 18 08:59] /ping
[Aug 18 08:59] /p
[Aug 18 08:59] /p
[Aug 18 08:59] /latency
[Aug 18 08:59] /whois prueba75
[Aug 18 08:59] /whois prueba78
[Aug 18 08:59] /ping
[Aug 18 09:00] /games
[Aug 19 14:59] /games
[Aug 19 14:59] /rehost
[Aug 19 15:03] /rehost
[Aug 19 15:03] /games
[Aug 19 15:04] /rehost
[Aug 19 15:11] /f a PRUEBA76
[Aug 19 15:11] /whois prueba78
[Aug 19 15:11] /whois prueba78
[Aug 19 15:12] /whois prueba78
[Aug 19 15:12] /whois prueba75
[Aug 19 15:13] /rehost
[Aug 19 15:14] /rehost
[Aug 19 15:14] /p
[Aug 19 23:41] /rehost
[Aug 20 13:56] /games
[Aug 20 13:56] /rehost
[Aug 20 14:16] /rehost
[Aug 20 14:33] /rehost
[Aug 20 15:17] /rehost
[Aug 20 15:19] /games
[Aug 20 15:22] /rehost
[Aug 20 15:25] /rehost
[Aug 20 15:51] /rehost
[Aug 20 18:08] /rehost
[Aug 20 18:12] /rehost
[Aug 20 18:14] /rehost
[Aug 20 18:36] /rehost
[Aug 20 18:43] /rehost
[Aug 20 18:47] /rehost
[Aug 20 18:48] /ping
[Aug 20 18:58] /rehost
[Aug 20 20:55] /p
[Aug 20 20:56] /p
[Aug 20 21:29] /rehost
[Aug 20 21:29] /latency
[Aug 20 21:47] /games
[Aug 20 21:47] /rehost
[Aug 20 21:48] /rehost
[Aug 20 21:53] /rehost
[Aug 20 21:54] /p
[Aug 20 22:06] /p
[Aug 20 22:15] /p
[Aug 20 22:22] /latency
[Aug 20 22:26] /p
[Aug 20 22:27] /games
[Aug 20 22:27] /rehost
[Aug 20 22:37] /p
[Aug 20 22:43] /games
[Aug 20 22:44] /p
[Aug 20 22:53] /whois prueba75
[Aug 20 22:53] /whois prueba76
[Aug 20 22:53] /f a prueba77
[Aug 20 22:53] /f p prueba77
[Aug 20 22:53] /f p prueba77
[Aug 20 22:53] /f p prueba76
[Aug 20 23:00] /p
[Aug 20 23:00] /P
[Aug 20 23:00] /latency
[Aug 20 23:00] /help
[Aug 20 23:00] /p
[Aug 20 23:00] /ping
[Aug 20 23:00] /latency
[Aug 20 23:00] /ping
[Aug 20 23:06] /latency
[Aug 20 23:06] /p
[Aug 20 23:06] /ping
[Aug 20 23:16] /ping
[Aug 20 23:17] /ping
[Aug 20 23:17] /p
[Aug 20 23:17] /latency
[Aug 20 23:17] /games
[Aug 20 23:17] /ping
[Aug 20 23:17] /p
[Aug 20 23:17] /latency
[Aug 21 06:42] /games
[Aug 21 06:42] /gameinfo
[Sep 08 14:17] /version
[Sep 08 14:23] /whois prueba78
[Sep 08 14:24] /whois prueba78
[Sep 08 14:25] /whois prueba78
[Sep 08 14:32] /whois prueba78
[Sep 08 14:33] /join ghost++
[Sep 08 14:33] /rejoin
[Sep 08 14:33] /rejoin
[Sep 08 22:26] /join ghost++
[Sep 08 22:32] /join ghost++
[Sep 08 22:33] /op prueba78
[Sep 08 22:33] /whois prueba78
[Sep 08 22:36] /help
[Sep 20 10:26] /w prueba78 .load heroic
[Sep 20 10:27] /whois prueba78
[Sep 20 10:27] /w prueba78 .load heroic
[Sep 20 10:28] /whois prueba78
[Sep 20 10:28] /w prueba78 .load
[Sep 20 10:28] /w prueba78 .load w3x
[Sep 20 10:28] /w prueba78 .load hero
[Sep 20 10:28] /w prueba78 .load
[Sep 20 10:29] /whois prueba78
[Sep 20 10:29] /w prueba78 .load
[Sep 20 10:29] /w prueba78 .load heroic
[Sep 20 10:29] /w prueba78 .pub sss
[Sep 20 10:31] /rehost
[Sep 20 10:36] /unhost
[Sep 20 10:36] /rehost
[Nov 29 21:37] /help
[Nov 29 21:39] /whois prueba77
[Nov 29 21:39] /whois prueba78
[Nov 29 21:41] /rehost
[Nov 30 08:37] /help
[Dec 09 23:04] /whois prueba78
[Dec 09 23:04] /whois prueba78
[Dec 09 23:14] /P
[Dec 09 23:21] /dllist
[Dec 09 23:22] /dl https://www.epicwar.com/maps/348229/
[Dec 09 23:22] /dllist
[Dec 09 23:27] /p
[Dec 09 23:32] /dl https://www.epicwar.com/maps/348229/
[Dec 09 23:32] /dllist
[Dec 09 23:33] /dl https://www.epicwar.com/maps/348226/
[Dec 09 23:36] /dl https://www.epicwar.com/maps/348226/download/?token=904b08d65e6ea90b9dcecdea9e2358fad760e5a686443cd89caf12e57c756076&time=1765341180254
[Dec 09 23:37] /dllist
[Dec 09 23:46] /dl https://www.epicwar.com/maps/348223/
[Dec 09 23:46] /dl https://www.epicwar.com/maps/348223/download/?token=eb11b6dc32cf870a24789d96b9804da7b59af336dca9408712a8589143781b03&time=1765341515587
[Dec 09 23:48] /dllist
[Dec 10 00:06] /dl https://www.epicwar.com/maps/348223/download/?token=eb11b6dc32cf870a24789d96b9804da7b59af336dca9408712a8589143781b03&time=1765341515587
[Dec 10 00:07] /dl https://www.epicwar.com/maps/348223/download/?token=eb11b6dc32cf870a24789d96b9804da7b59af336dca9408712a8589143781b03&time=1765341515587 force
[Dec 10 00:07] /dllist
[Dec 10 00:28] /dl https://www.epicwar.com/maps/348221/download/?token=8b93776f935f6dd7acfe3b7ee2920b10ed71151d911fa62fe8d186a7a75c939c&time=1765344492458
[Dec 10 00:29] /dllist
[Dec 10 00:29] /dl https://www.epicwar.com/maps/348227/download/?token=54ef563a86812e881aa830d1860e9f21635898dde469fa1c124742af8b5c1fcf&time=1765344527622
[Dec 10 00:29] /dl https://www.epicwar.com/maps/348227/download/?token=54ef563a86812e881aa830d1860e9f21635898dde469fa1c124742af8b5c1fcf&time=1765344527622 force
[Dec 10 00:29] /dl https://www.epicwar.com/maps/348227/
[Dec 10 00:29] /dl https://www.epicwar.com/maps/348227/ force
[Dec 10 00:40] /dlconfig
[Dec 10 00:40] /dllist
[Dec 10 00:40] /dl https://www.epicwar.com/maps/348227/download/?token=54ef563a86812e881aa830d1860e9f21635898dde469fa1c124742af8b5c1fcf&time=1765344527622
[Dec 10 00:41] /dl https://www.epicwar.com/maps/348227/download/?token=54ef563a86812e881aa830d1860e9f21635898dde469fa1c124742af8b5c1fcf&time=1765344527622 force
[Dec 10 00:43] /dllist
[Dec 10 00:48] /dl https://www.epicwar.com/maps/348223/download/?token=626177fe0c5f99556957396dd5fca3f0c5595cb6abef91663b347dbb3ba1b3e7&time=1765345715260
[Dec 10 00:49] /dl https://www.epicwar.com/maps/348223/download/?token=626177fe0c5f99556957396dd5fca3f0c5595cb6abef91663b347dbb3ba1b3e7&time=1765345715260
[Dec 10 00:54] /dl https://www.epicwar.com/maps/348229/download/?token=16613ae0cab5420372805a4b07c75fc526b8dba7b65ca6cf4d3e3b15a588f681&time=1765345914334
[Dec 10 00:54] /dl https://www.epicwar.com/maps/348229/
[Dec 10 00:54] /dl https://www.epicwar.com/maps/348214/download/?token=b83c562e93646ecadf8bb5840419237a75050eb35c8c1d6a98ed22d8a010db69&time=1765346081436
[Dec 10 00:56] /dl https://www.epicwar.com/maps/348223/download/?token=bf15c2a4684397ecccfcffd408e6654656a5f7e370c05d109acda8d57a7a6dfd&time=1765346152166
[Dec 10 00:58] /dl https://www.epicwar.com/maps/344901/download/?token=2e55b937e8de26aa4eb1abd35ef9101b63b144773c287e9d03ba1dff1dfad0f8&time=1765346265266
[Mar 16 07:18] /whois prueba75
[Mar 16 07:24] /f a prueba79
[Mar 16 07:24] /whois prueba79
[Mar 17 10:08] /rehost
[Mar 17 10:54] /whois prueba78
[Mar 17 10:58] /whois prueba78
[Mar 17 10:58] /help
[Mar 20 21:31] /unhost
[Mar 20 21:31] /unhost
[Mar 20 21:31] /whois prueba77
[Mar 20 21:32] /whois prueba78
[Mar 20 21:32] /whois prueba78
[Mar 20 21:32] /whois prueba77
[Mar 20 21:32] /whois prueba78
[Mar 20 21:32] /whois prueba77
[Mar 20 21:32] /help
[Mar 20 21:35] /unhost
[Mar 20 21:35] /whois prueba78
[Apr 09 00:01] /f a ss-ryan
[Apr 09 00:01] /whois SS-Ryan
[Apr 09 00:02] /whois SS-Ryan
[Apr 09 00:02] /whois SS-Ryan
[Apr 09 22:49] /p
[Apr 09 22:51] /p
[Apr 09 22:53] /ping
[Apr 22 00:32] /help
[Apr 22 00:34] /dl https://www.epicwar.com/maps/334709/
[Apr 22 00:35] /dl https://www.epicwar.com/maps/334709/
[Apr 22 00:35] /dl https://www.epicwar.com/maps/334709/download/?token=cfbdb80acb80926f38564993cffa4c67bbeb99db217bf926359ba847eefc601e&time=1776836019958
[Apr 26 10:24] /p
[Apr 26 10:24] /games
[Apr 26 15:20] /rehost
[Apr 26 15:23] /unhost
[Apr 26 15:23] /rehost
[Apr 26 15:24] /rehost
[Apr 26 15:35] /unhost
[Apr 26 15:35] /rehost
[Apr 26 15:53] /rehost
[Apr 26 16:16] /unhost
[Apr 26 16:17] /rehost
[Apr 26 16:30] /unhost
[Apr 26 16:54] /rehost
[Apr 26 17:05] /unhost
[Apr 26 17:30] /rehost
[Apr 26 18:06] /unhost
[Apr 26 18:07] /unhost
[Apr 26 18:07] /unhost
[Apr 26 18:07] /rehost
[Apr 26 18:10] /unhost
[Apr 26 18:11] /rehost
[Apr 26 18:19] /unhost
[Apr 26 18:19] /rehost
[Apr 26 19:19] /rehost
[Apr 27 09:28] /rehost
[Apr 27 09:30] /unhost
[Apr 27 23:46] /rehost
[Apr 27 23:57] /gameinfo
[Apr 29 11:34] /help
[Apr 29 15:51] /unhost
[Apr 29 15:56] /rehost
[Apr 29 15:57] /dl https://www.epicwar.com/maps/114029/download/?token=99730dea964de512436fb0a040ba65852c3125f5e65ff11e27878cd79a4a96a3&time=1777496251515
[Apr 29 15:58] /help
[Apr 29 15:58] /dllist
[Apr 29 15:58] /unhost
[Apr 29 16:00] /help
[Apr 29 16:00] /games
[Apr 29 16:02] /dl https://www.epicwar.com/maps/114029/download/?token=99730dea964de512436fb0a040ba65852c3125f5e65ff11e27878cd79a4a96a3&time=1777496251515
[Apr 29 16:02] /dl https://www.epicwar.com/maps/114029/download/?token=99730dea964de512436fb0a040ba65852c3125f5e65ff11e27878cd79a4a96a3&time=1777496251515
[Apr 29 16:12] /dl https://www.epicwar.com/maps/114029/download/?token=99730dea964de512436fb0a040ba65852c3125f5e65ff11e27878cd79a4a96a3&time=1777496251515
[Apr 29 16:12] /dl https://www.epicwar.com/maps/114029/download/?token=99730dea964de512436fb0a040ba65852c3125f5e65ff11e27878cd79a4a96a3&time=1777496251515
[Apr 29 16:47] /rehost
[Apr 29 23:05] /dllist
[Apr 29 23:06] /dllist
[Apr 29 23:06] /dl https://www.epicwar.com/maps/254544/download/?token=287a410588fbc3bd964856109355ecf102a1c64ce5b720797e566bc1441af391&time=1777521990577
[Apr 29 23:07] /rehost
[Apr 29 23:07] /dllist
[Apr 29 23:07] /unhost
[Apr 30 16:03] /help
[Apr 30 16:05] /dllist
[Apr 30 16:06] /rehost
[Apr 30 16:06] /unhost
[Apr 30 16:07] /rehost
[Apr 30 16:19] /games
[Apr 30 16:19] /gameinfo
[Apr 30 16:21] /rehost
[Apr 30 16:21] /games
[Apr 30 16:21] /games
[Apr 30 16:21] /games
[Apr 30 16:21] /rehost
[Apr 30 16:22] /rehost
[Apr 30 16:24] /rehost
[Apr 30 16:24] /unhost
[Apr 30 16:25] /rehost
[Apr 30 16:27] /rehost
[Apr 30 16:31] /rehost
[Apr 30 16:33] /unhost
[Apr 30 22:31] /rehost
[Apr 30 22:32] /unhost
[Apr 30 22:33] /rehost
[Apr 30 22:34] /unhost
[Apr 30 22:34] /rehost
[Apr 30 22:37] /rehost
[Apr 30 22:38] /unhost
[Apr 30 22:42] /rehost
[Apr 30 22:43] /p
[Apr 30 23:34] /inspect
[Apr 30 23:37] /rehost
[Apr 30 23:37] /inspect
[Apr 30 23:40] /gameinfo
[May 01 00:01] /unhost
[May 01 00:02] /gameinfo
[May 01 00:02] /games
[May 01 18:13] /rehost
[May 01 18:27] /rehost
[May 01 18:27] /slots
[May 01 18:34] /rehost
[May 01 18:34] /slots
[May 01 22:10] /inspect
[May 01 22:12] /inspect
[May 01 22:18] /rehost
[May 01 22:18] /whois prueba77
[May 01 22:18] /whois prueba77
[May 01 22:18] /whois prueba77
[May 01 22:19] /whois prueba77
[May 01 22:19] /whois prueba77
[May 01 22:19] /whois prueba77
[May 01 22:19] /whois prueba77
[May 01 22:19] /whois prueba77
[May 01 22:19] /whois prueba77
[May 01 22:19] /whois prueba77
[May 01 22:20] /rehost
[May 01 22:20] /unhost
[May 01 22:23] /rehosty
[May 01 22:28] /whois prueba77
[May 01 23:19] /rehost
[May 01 23:20] /unhost
[May 01 23:22] /whois prueba77
[May 03 06:40] /rehost
[May 03 06:40] /slots
[May 03 06:43] /rehost
[May 03 06:44] /slots
[May 03 07:04] /rehost
[May 03 07:05] /help
[May 03 07:05] /slots
[May 03 07:06] /unhost
[May 03 07:06] /rehost
[May 03 07:06] /slots
[May 03 07:20] /rehost
[May 03 07:21] /slots
[May 03 07:26] /slots
[May 03 07:26] /unhost
[May 03 07:26] /rehost
[May 03 07:27] /slots
[May 03 07:27] /unhost
[May 03 07:28] /rehost
[May 03 07:28] /slots
[May 03 08:03] /rehost
[May 03 08:04] /unhost
[May 03 08:04] /rehost
[May 03 08:05] /slots
[May 03 08:09] /unhost
[May 03 08:09] /rehost
[May 03 08:09] /slots
[May 03 08:25] /rehost
[May 03 08:26] /slots
[May 03 08:26] /unhost
[May 03 08:26] /rehost
[May 03 08:28] /slots
[May 03 08:28] /unhost
[May 03 08:28] /rehost
[May 03 08:29] /unhost
[May 03 08:29] /rehost
[May 03 10:07] /rehost
[May 03 10:17] /slots
[May 03 10:18] /unhost
[May 03 11:39] /rehost
[May 03 11:39] /slots
[May 03 11:53] /rehost
[May 03 11:55] /rehost
[May 03 11:56] /rehost
[May 03 11:57] /slots
[May 03 11:58] /whois prueba77
[May 03 11:58] /whois prueba78
[May 03 12:17] /rehost
[May 03 14:41] /rehost
[May 03 14:43] /slots
[May 03 14:46] /rehost
[May 03 14:47] /slots
[May 03 14:51] /rehost
[May 03 14:52] /slots
[May 05 12:51] /rehost
[May 05 12:54] /rehost
[May 07 15:19] /news
[May 07 15:19] /news list
[May 07 15:19] /news list
[May 07 15:24] /news list
[May 07 15:37] /news list
[May 07 15:40] /rehash news
[May 07 15:40] /rehash news
[May 07 15:42] /news
[May 07 15:42] /news add New Fix hoy!
[May 07 15:42] /news add fix
[May 07 15:55] /news add Bienvenidos a Latin Battle
[May 07 15:55] /help
[May 07 16:19] /news
[May 07 16:24] /news
[May 07 16:33] /rehost
[May 07 16:33] /slots
[May 07 16:34] /p
[May 07 16:34] /ping
[May 07 16:34] /latency
[May 07 16:34] /p
[May 07 16:34] /p
[May 07 16:34] /ping
[May 07 16:35] /news
[May 07 16:36] /whois prueba78
[May 07 19:51] /help
[May 07 19:52] /dl list
[May 07 19:52] /dllist
[May 07 19:55] /rehost
[May 07 20:11] /gameinfo
[May 08 00:30] /p
[May 08 00:30] /ping
[May 08 00:35] /rehost
[May 08 00:35] /upload
[May 08 00:41] /upload
[May 08 00:42] /rehost
[May 08 00:45] /upload
[May 08 00:47] /dllist
[May 08 00:48] /unhost
[May 08 11:25] /p
[May 08 11:25] /upload
[May 08 11:26] /p
[May 08 11:26] /ping
[May 08 11:26] /latency
[May 08 12:02] /upload
[May 08 12:16] /upload
[May 08 12:31] /upload
[May 08 12:32] /unhost
[May 08 13:51] /whois prueba78
[May 08 13:51] /whois prueba77
[May 08 13:59] /rehost
[May 08 13:59] /unhost
[May 08 14:00] /upload
[May 08 14:00] /whois prueba78
[May 08 14:00] /whois prueba77
[May 08 14:01] /whois prueba78
[May 08 14:01] /whois prueba77
[May 08 14:01] /whois prueba77
[May 08 14:01] /whois prueba77
[May 08 14:01] /whois prueba77
[May 08 14:02] /whois prueba77
[May 08 14:07] /whois prueba77
[May 08 14:07] /whois prueba78
[May 08 14:07] /upload
[May 08 14:08] /whois prueba77
[May 08 14:08] /whois prueba78
[May 08 14:08] /whois prueba78
[May 08 14:08] /whois prueba77
[May 08 14:09] /upload
[May 08 14:09] /unhost
[May 08 14:09] /upload
[May 08 14:10] /unhost
[May 08 15:04] /upload
[May 08 15:04] /unhost
[May 08 15:04] /upload
[May 08 15:09] /upload
[May 08 15:18] /upload
[May 08 15:29] /upload
[May 08 19:01] /upload
[May 09 00:03] /upload
[May 09 00:15] /upload
[May 09 00:16] /p
[May 09 00:16] /p
[May 09 00:17] /unhost
[May 09 00:17] /p
[May 09 00:17] /rehost
[May 09 00:18] /unhost
[May 09 00:18] /p
[May 09 00:18] /p
[May 09 00:19] /p
[May 09 00:19] /upload
[May 09 00:19] /p
[May 09 07:21] /p
[May 09 07:21] /latency
[May 09 07:21] /ping
[May 09 07:22] /upload
[May 09 09:07] /p
[May 09 09:08] /unhost
[May 09 09:08] /upload
[May 09 09:09] /ping
[May 09 10:01] /unhost
[May 09 10:01] /rehost
[May 09 10:43] /p
[May 09 10:43] /upload
[May 09 10:44] /p
[May 09 10:44] /ping
[May 09 10:44] /latency
[May 09 10:44] /p
[May 09 13:06] /rehost
[May 09 13:06] /inspect
[May 09 13:10] /slots
[May 09 13:26] /unhost
[May 09 13:27] /upload
[May 09 13:27] /whois prueba77
[May 09 13:28] /whois prueba77
[May 09 13:28] /whois prueba77
[May 09 13:29] /upload
[May 09 13:29] /dllist
[May 09 13:29] /unhost
[May 09 13:29] /whois prueba77
[May 10 07:40] /upload
[May 10 07:40] /ping
[May 10 08:14] /ping
[May 10 08:14] /ping
[May 10 08:14] /latency
[May 10 08:15] /upload
[May 10 08:15] /p
[May 10 08:15] /latency
[May 10 08:15] /p
[May 10 08:32] /p
[May 10 08:33] /p
[May 10 08:41] /whois prueba77
[May 10 22:42] /p
[May 10 22:42] /latency
[May 10 22:43] /upload
[May 11 09:33] /upload
[May 11 14:59] /upload
[May 11 15:00] /unhost
[May 11 15:00] /upload
[May 11 15:02] /unhost
[May 11 15:02] /rehost
[May 11 15:10] /upload
[May 11 15:10] /slots
[May 11 15:11] /unhost
[May 11 15:11] /upload
[May 11 15:11] /slots
[May 11 15:12] /slots
[May 11 21:41] /p
[May 11 21:41] /p
[May 11 21:41] /upload
[May 11 21:41] /p
[May 11 21:42] /slots
[May 11 21:43] /p
[May 11 21:43] /help
[May 12 12:41] /p
[May 12 12:41] /upload
[May 12 12:42] /p
[May 12 12:46] /ping
[May 12 12:46] /latency
[May 12 12:48] /gameinfo
[May 12 12:50] /p
[May 12 12:53] /slots
[May 14 18:04] /upload
[May 14 18:05] /slots
[May 14 18:15] /upload
[May 14 18:26] /upload
[May 14 18:27] /slots
[May 14 18:30] /upload
[May 14 18:33] /upload
[May 14 18:38] /upload
[May 14 18:41] /upload
[May 14 18:46] /upload
[May 14 18:49] /upload
[May 14 18:50] /slots
[May 15 10:44] /upload
[May 26 08:02] /upload
[May 26 08:17] /upload
[May 26 15:42] /upload
[May 26 15:43] /p
[May 26 15:43] /whois prueba77
[May 26 15:43] /whois prueba78
[May 26 16:18] /p
[May 26 20:50] /upload
[May 26 20:52] /slots
[May 26 20:53] /slots
[May 26 20:55] /unhost
[May 26 20:56] /upload
[May 26 20:56] /slots
[May 26 20:56] /unhost
[May 26 21:26] /upload
[May 26 21:26] /slots
[May 26 21:26] /unhost
[May 27 15:59] /upload
[May 27 16:02] /ping
[May 27 16:09] /upload
[May 27 16:09] /p
[May 27 16:09] /upload
[May 27 16:10] /p
[May 27 16:14] /upload
[May 27 16:14] /p
[May 27 16:18] /upload
[May 27 16:18] /p
[May 28 19:05] /upload
[May 28 19:05] /p
[May 28 19:05] /p
[May 29 00:59] /upload
[May 30 07:47] /upload
[May 30 07:47] /dllist
[May 30 07:49] /help
[May 30 07:50] /unhost
[May 30 07:51] /upload
[May 31 09:03] /help
[May 31 09:14] /help
[May 31 09:29] /help
[May 31 09:32] /help
[May 31 09:35] /help
[May 31 09:42] /help
[May 31 09:47] /help
[May 31 09:50] /cg list Slyhark
[May 31 10:00] /menu
[May 31 10:07] /help
[May 31 10:20] /help
[May 31 10:21] /away
[May 31 10:21] /away
[May 31 10:30] /help
[May 31 10:39] /help
[May 31 10:43] /unhost
[May 31 10:43] /help
[May 31 11:15] /help
[May 31 11:39] /help
[May 31 11:46] /cg list Slyhark
[May 31 11:53] /p
[May 31 11:58] /help
[May 31 12:04] /help
[May 31 12:12] /dllist
[May 31 12:14] /help
[May 31 14:13] /dllist
[May 31 14:13] /help
[Jun 26 10:32] /rehost
